// Jest Snapshot v1, https://goo.gl/fbAQLP

exports[`should render Header correctly 1`] = `
<div>
  <p>
     404 Not found
  </p>
  <Link
    replace={false}
    to="/"
  >
    Go Home 
  </Link>
</div>
`;
